// Jest Snapshot v1, https://goo.gl/fbAQLP

exports[`Storyshots Box Basic box 1`] = `
<div
  className="box__Box-sc-1ecsml6-0 iRmYNN"
/>
`;

exports[`Storyshots Button Basic button 1`] = `
Array [
  <button
    aria-label={null}
    className="button__ButtonBasic-sc-12uovs1-0 iBimkZ btn btn-secondary"
    onClick={[Function]}
  >
    Test 1
  </button>,
  <button
    aria-label={null}
    background="#B7D1DA"
    className="button__ButtonBasic-sc-12uovs1-0 jdrDdE btn btn-secondary"
    onClick={[Function]}
  >
    Test 2
  </button>,
]
`;

exports[`Storyshots Navigation Basic navigation 1`] = `
<nav
  className="navbar navbar-expand-lg navbar-light bg-light"
>
  <ul
    className="navbar-nav"
  >
    <li
      className="nav-item px-3"
    >
      <a
        className="active navigation__NavLink-iqabyh-0 fvqVbk"
        onClick={[Function]}
      >
        Home
      </a>
    </li>
    <li
      className="nav-item px-3"
    >
      <a
        className="navigation__NavLink-iqabyh-0 fvqVbk"
        onClick={[Function]}
      >
        Path 1
      </a>
    </li>
    <li
      className="nav-item px-3"
    >
      <a
        className="navigation__NavLink-iqabyh-0 fvqVbk"
        onClick={[Function]}
      >
        Path 2
      </a>
    </li>
    <li
      className="nav-item px-3"
    >
      <a
        className="navigation__NavLink-iqabyh-0 fvqVbk"
        onClick={[Function]}
      >
        Path 3
      </a>
    </li>
  </ul>
</nav>
`;
